// Jest Snapshot v1, https://goo.gl/fbAQLP

exports[`<Header /> Should render correctly 1`] = `
<div>
  <header
    class="css-w41d0-HeaderRoot ez4dfsd0"
  >
    <div
      class="css-u5y1t0-HeaderContainer ez4dfsd1"
    >
      <nav
        class="css-wvyf6s-NavRoot ez4dfsd2"
      >
        <div
          class="css-1vw1113-ListItem ez4dfsd3"
        >
          <a
            class="css-15ani8u-ItemLink ez4dfsd4"
          />
          <a
            class="css-15ani8u-ItemLink ez4dfsd4"
          />
        </div>
        <div
          class="css-kh7q0g-Space ez4dfsd6"
        />
        <div
          class="css-1jbsa08-ListActions ez4dfsd5"
        >
          <select
            class="css-rdesed-SelectRoot e1ut4ry90"
            id="languages"
            name="languages"
          >
            <option
              value="es"
            />
            <option
              value="en"
            />
          </select>
        </div>
      </nav>
    </div>
  </header>
</div>
`;
